-----------------------------------------------------------------
Marvellous Automation Script
-----------------------------------------------------------------

Starting time of directory scanning  : 2026-07-26 02:57:56.457868 

Completion time of directory scanning  : 0.00114

Name of the directory scanned : 
D:\python-assignments\Assignment33\Duplicate
D:\python-assignments\Assignment33\Duplicate\Delhi
D:\python-assignments\Assignment33\Duplicate\Gujarat
D:\python-assignments\Assignment33\Duplicate\Maharashtra

Total number of files scanned : 3 

Total number of duplicate files found  : 0 

Total number of duplicate files deleted   : 0 

Complete paths of all deleted duplicate files  : 

Checksum values of duplicate files  : 
-----------------------------------------------------------------

-----------------------------------------------------------------

Email Status  : 
Status   : Sent
Time     : 26/07/2026, 02:58:00
Receiver : marvellousinfosystem@gmail.com


-----------------------------------------------------------------
